
> web@0.1.0 dev
> next dev --webpack

▲ Next.js 16.2.4 (webpack)
- Local:         http://localhost:3000
- Network:       http://192.168.2.25:3000
- Environments: .env
✓ Ready in 455ms

(node:53315) DeprecationWarning: Calling client.query() when the client is already executing a query is deprecated and will be removed in pg@9.0. Use async/await or an external async flow control mechanism instead.
(Use `node --trace-deprecation ...` to show where the warning was created)
 GET /admin 200 in 1840ms (next.js: 1247ms, application-code: 593ms)
 GET /admin 200 in 102ms (next.js: 9ms, application-code: 93ms)
 GET /admin 200 in 44ms (next.js: 12ms, application-code: 31ms)
 GET /admin 200 in 110ms (next.js: 3ms, application-code: 107ms)
 GET /admin/companies 200 in 571ms (next.js: 513ms, application-code: 59ms)
 GET /admin/companies 200 in 38ms (next.js: 4ms, application-code: 33ms)
 GET /admin/users 404 in 533ms (next.js: 516ms, application-code: 16ms)
 GET /admin/users 404 in 87ms (next.js: 1146µs, application-code: 86ms)
 GET /admin/companies 200 in 62ms (next.js: 8ms, application-code: 54ms)
 GET /admin/settings 404 in 13ms (next.js: 1024µs, application-code: 12ms)
 GET /admin/settings 404 in 21ms (next.js: 1053µs, application-code: 20ms)
 GET /admin 200 in 98ms (next.js: 14ms, application-code: 83ms)
 GET /admin/companies 200 in 64ms (next.js: 7ms, application-code: 57ms)
[browser] ./src/app/admin/companies/new/page.tsx:1:1
Module not found: Can't resolve '../../actions/admin'
> 1 | import { createCompany } from "../../actions/admin";
    | ^
  2 | import { redirect } from "next/navigation";
  3 | import { ArrowLeft, Building2, Globe, User, Phone } from "lucide-react";
  4 | import Link from "next/link";

https://nextjs.org/docs/messages/module-not-found 
⨯ ./src/app/admin/companies/new/page.tsx:1:1
Module not found: Can't resolve '../../actions/admin'
> 1 | import { createCompany } from "../../actions/admin";
    | ^
  2 | import { redirect } from "next/navigation";
  3 | import { ArrowLeft, Building2, Globe, User, Phone } from "lucide-react";
  4 | import Link from "next/link";

https://nextjs.org/docs/messages/module-not-found
[browser] ./src/app/admin/companies/new/page.tsx:1:1
Module not found: Can't resolve '../../actions/admin'
> 1 | import { createCompany } from "../../actions/admin";
    | ^
  2 | import { redirect } from "next/navigation";
  3 | import { ArrowLeft, Building2, Globe, User, Phone } from "lucide-react";
  4 | import Link from "next/link";

https://nextjs.org/docs/messages/module-not-found 
⨯ ./src/app/admin/companies/new/page.tsx:1:1
Module not found: Can't resolve '../../actions/admin'
> 1 | import { createCompany } from "../../actions/admin";
    | ^
  2 | import { redirect } from "next/navigation";
  3 | import { ArrowLeft, Building2, Globe, User, Phone } from "lucide-react";
  4 | import Link from "next/link";

https://nextjs.org/docs/messages/module-not-found
○ Compiling /_error ...
[browser] ./src/app/admin/companies/new/page.tsx:1:1
Module not found: Can't resolve '../../actions/admin'
> 1 | import { createCompany } from "../../actions/admin";
    | ^
  2 | import { redirect } from "next/navigation";
  3 | import { ArrowLeft, Building2, Globe, User, Phone } from "lucide-react";
  4 | import Link from "next/link";

https://nextjs.org/docs/messages/module-not-found 
⨯ ./src/app/admin/companies/new/page.tsx:1:1
Module not found: Can't resolve '../../actions/admin'
> 1 | import { createCompany } from "../../actions/admin";
    | ^
  2 | import { redirect } from "next/navigation";
  3 | import { ArrowLeft, Building2, Globe, User, Phone } from "lucide-react";
  4 | import Link from "next/link";

https://nextjs.org/docs/messages/module-not-found
 GET /admin/companies/new 500 in 3.2s (next.js: 3.2s, application-code: 70ms)
 GET /admin/companies/new 500 in 8ms (next.js: 2ms, application-code: 6ms)
 GET /admin/companies/new 500 in 8ms (next.js: 1604µs, application-code: 6ms)
 GET /admin/companies/new 500 in 22ms (next.js: 1475µs, application-code: 21ms)
[browser] Uncaught Error: Module not found: Can't resolve '../../actions/admin'
> 1 | import { createCompany } from "../../actions/admin";
    | ^
  2 | import { redirect } from "next/navigation";
  3 | import { ArrowLeft, Building2, Globe, User, Phone } from "lucide-react";
  4 | import Link from "next/link";

https://nextjs.org/docs/messages/module-not-found

    at <unknown> (https://nextjs.org/docs/messages/module-not-found)
    at <unknown> (https://nextjs.org/docs/messages/module-not-found)
[browser] ./src/app/admin/companies/new/page.tsx:1:1
Module not found: Can't resolve '../../actions/admin'
> 1 | import { createCompany } from "../../actions/admin";
    | ^
  2 | import { redirect } from "next/navigation";
  3 | import { ArrowLeft, Building2, Globe, User, Phone } from "lucide-react";
  4 | import Link from "next/link";

https://nextjs.org/docs/messages/module-not-found 
⚠ Fast Refresh had to perform a full reload due to a runtime error.
⚠ Fast Refresh had to perform a full reload due to a runtime error.
 GET /admin/companies/new 200 in 336ms (next.js: 200ms, application-code: 136ms)
 GET /admin/companies/new 200 in 45ms (next.js: 1085µs, application-code: 44ms)
⚠ Fast Refresh had to perform a full reload due to a runtime error.
 GET /admin/companies/new 200 in 149ms (next.js: 95ms, application-code: 54ms)
 GET /admin/companies/new 200 in 40ms (next.js: 9ms, application-code: 30ms)
 GET /admin/companies/new 200 in 166ms (next.js: 90ms, application-code: 75ms)
 GET /admin/companies/new 200 in 75ms (next.js: 6ms, application-code: 69ms)
 GET /admin/companies/new 200 in 53ms (next.js: 6ms, application-code: 47ms)
 GET /admin/companies 200 in 92ms (next.js: 22ms, application-code: 70ms)
 POST /admin/companies/new 303 in 224ms (next.js: 10ms, application-code: 215ms)
  └─ ƒ <inline action>({}) in 76ms app/admin/companies/new/page.tsx
 GET /admin 200 in 131ms (next.js: 24ms, application-code: 107ms)
 GET /admin/companies 200 in 21ms (next.js: 1767µs, application-code: 19ms)
 GET /admin/users 404 in 777ms (next.js: 724ms, application-code: 52ms)
 GET /admin/users 404 in 17ms (next.js: 1156µs, application-code: 16ms)
 GET /admin/users 404 in 85ms (next.js: 1212µs, application-code: 84ms)
 GET /dashboard 200 in 966ms (next.js: 758ms, application-code: 208ms)
 GET /admin 200 in 199ms (next.js: 12ms, application-code: 186ms)
 GET /dashboard/promotions 200 in 459ms (next.js: 397ms, application-code: 62ms)
 GET /dashboard/promotions 200 in 20ms (next.js: 1461µs, application-code: 19ms)
 GET /dashboard/promotions/new 200 in 613ms (next.js: 560ms, application-code: 53ms)
 GET /dashboard/settings 404 in 419ms (next.js: 387ms, application-code: 32ms)
 GET /dashboard/settings 404 in 86ms (next.js: 1107µs, application-code: 85ms)
 GET /admin 200 in 124ms (next.js: 12ms, application-code: 112ms)
 GET /dashboard/promotions/new 200 in 77ms (next.js: 8ms, application-code: 68ms)
 GET /dashboard/promotions 200 in 181ms (next.js: 36ms, application-code: 144ms)
 POST /dashboard/promotions/new 303 in 688ms (next.js: 123ms, application-code: 565ms)
  └─ ƒ <inline action>({"reason":{"count":184,"fork":false},"status":"fulfilled","value":"30MUJzwxoQ075YsD0ln8zI3ZMK2K+8LF2WHIsbdZJ/HfvQQU7MuhK/8EGMdIRERnnR2N/SujmqAng5IMbkG3uZl0jWX3TQ0AuMfYv9OYen/Yqo5Ug3KOKufkGgSzzCUkI5C6immrpSxvyHiPS5dvTZlc5tJWt7+FHV+WsTVHIIN6Qd8XzpbV5A=="}, {}) in 159ms app/dashboard/promotions/new/page.tsx
  Reload env: .env
 GET /dashboard/promotions 200 in 270ms (next.js: 141ms, application-code: 129ms)
 GET /admin 200 in 114ms (next.js: 21ms, application-code: 93ms)
  Reload env: .env
 GET /dashboard/promotions 200 in 71ms (next.js: 12ms, application-code: 59ms)
 GET /admin 200 in 181ms (next.js: 65ms, application-code: 116ms)
 GET /dashboard/promotions 200 in 231ms (next.js: 75ms, application-code: 155ms)
 GET /admin 200 in 135ms (next.js: 13ms, application-code: 122ms)
 GET /dashboard/promotions 200 in 69ms (next.js: 14ms, application-code: 55ms)
 GET /admin 200 in 165ms (next.js: 60ms, application-code: 105ms)
 GET /dashboard/promotions 200 in 98ms (next.js: 6ms, application-code: 92ms)
 GET /admin 200 in 71ms (next.js: 1366µs, application-code: 70ms)
 GET /admin 200 in 100ms (next.js: 1735µs, application-code: 99ms)
 GET /dashboard/promotions 200 in 78ms (next.js: 3ms, application-code: 75ms)
 GET /admin 200 in 52ms (next.js: 1213µs, application-code: 51ms)
 GET /dashboard/promotions 200 in 72ms (next.js: 1191µs, application-code: 71ms)
 GET /dashboard/promotions 200 in 73ms (next.js: 3ms, application-code: 71ms)
 GET /admin 200 in 112ms (next.js: 7ms, application-code: 104ms)
⚠ The "middleware" file convention is deprecated. Please use "proxy" instead. Learn more: https://nextjs.org/docs/messages/middleware-to-proxy
⨯ Error: Your project's URL and Key are required to create a Supabase client!

Check your Supabase project's API settings to find these values

https://supabase.com/dashboard/project/_/settings/api
    at <unknown> (https://supabase.com/dashboard/project/_/settings/api)
    at <unknown> (https://supabase.com/dashboard/project/_/settings/api)
    at updateSession (src/utils/supabase/middleware.ts:9:38)
    at middleware (src/middleware.ts:5:29)
   7 |   })
   8 |
>  9 |   const supabase = createServerClient(
     |                                      ^
  10 |     process.env.NEXT_PUBLIC_SUPABASE_URL!,
  11 |     process.env.NEXT_PUBLIC_SUPABASE_ANON_KEY!,
  12 |     {
⨯ Error: Your project's URL and Key are required to create a Supabase client!

Check your Supabase project's API settings to find these values

https://supabase.com/dashboard/project/_/settings/api
    at <unknown> (https://supabase.com/dashboard/project/_/settings/api)
    at <unknown> (https://supabase.com/dashboard/project/_/settings/api)
    at updateSession (src/utils/supabase/middleware.ts:9:38)
    at middleware (src/middleware.ts:5:29)
   7 |   })
   8 |
>  9 |   const supabase = createServerClient(
     |                                      ^
  10 |     process.env.NEXT_PUBLIC_SUPABASE_URL!,
  11 |     process.env.NEXT_PUBLIC_SUPABASE_ANON_KEY!,
  12 |     {
 GET /dashboard/promotions 404 in 313ms (next.js: -22496µs, proxy.ts: 302ms, application-code: 34ms)
 GET /admin 404 in 314ms (next.js: -24712µs, proxy.ts: 302ms, application-code: 37ms)
⨯ Error: Your project's URL and Key are required to create a Supabase client!

Check your Supabase project's API settings to find these values

https://supabase.com/dashboard/project/_/settings/api
    at <unknown> (https://supabase.com/dashboard/project/_/settings/api)
    at <unknown> (https://supabase.com/dashboard/project/_/settings/api)
    at updateSession (src/utils/supabase/middleware.ts:9:38)
    at middleware (src/middleware.ts:5:29)
   7 |   })
   8 |
>  9 |   const supabase = createServerClient(
     |                                      ^
  10 |     process.env.NEXT_PUBLIC_SUPABASE_URL!,
  11 |     process.env.NEXT_PUBLIC_SUPABASE_ANON_KEY!,
  12 |     {
⨯ Error: Your project's URL and Key are required to create a Supabase client!

Check your Supabase project's API settings to find these values

https://supabase.com/dashboard/project/_/settings/api
    at <unknown> (https://supabase.com/dashboard/project/_/settings/api)
    at <unknown> (https://supabase.com/dashboard/project/_/settings/api)
    at updateSession (src/utils/supabase/middleware.ts:9:38)
    at middleware (src/middleware.ts:5:29)
   7 |   })
   8 |
>  9 |   const supabase = createServerClient(
     |                                      ^
  10 |     process.env.NEXT_PUBLIC_SUPABASE_URL!,
  11 |     process.env.NEXT_PUBLIC_SUPABASE_ANON_KEY!,
  12 |     {
⨯ Error: Your project's URL and Key are required to create a Supabase client!

Check your Supabase project's API settings to find these values

https://supabase.com/dashboard/project/_/settings/api
    at <unknown> (https://supabase.com/dashboard/project/_/settings/api)
    at <unknown> (https://supabase.com/dashboard/project/_/settings/api)
    at updateSession (src/utils/supabase/middleware.ts:9:38)
    at middleware (src/middleware.ts:5:29)
   7 |   })
   8 |
>  9 |   const supabase = createServerClient(
     |                                      ^
  10 |     process.env.NEXT_PUBLIC_SUPABASE_URL!,
  11 |     process.env.NEXT_PUBLIC_SUPABASE_ANON_KEY!,
  12 |     {
⨯ Error: Your project's URL and Key are required to create a Supabase client!

Check your Supabase project's API settings to find these values

https://supabase.com/dashboard/project/_/settings/api
    at <unknown> (https://supabase.com/dashboard/project/_/settings/api)
    at <unknown> (https://supabase.com/dashboard/project/_/settings/api)
    at updateSession (src/utils/supabase/middleware.ts:9:38)
    at middleware (src/middleware.ts:5:29)
   7 |   })
   8 |
>  9 |   const supabase = createServerClient(
     |                                      ^
  10 |     process.env.NEXT_PUBLIC_SUPABASE_URL!,
  11 |     process.env.NEXT_PUBLIC_SUPABASE_ANON_KEY!,
  12 |     {
<w> [webpack.cache.PackFileCacheStrategy] Serializing big strings (231kiB) impacts deserialization performance (consider using Buffer instead and decode when needed)
 GET /admin 404 in 1367ms (next.js: 218ms, proxy.ts: 974ms, application-code: 175ms)
 GET /dashboard/promotions 404 in 1367ms (next.js: 218ms, proxy.ts: 974ms, application-code: 176ms)
 GET /admin 404 in 1348ms (next.js: 218ms, proxy.ts: 954ms, application-code: 176ms)
 GET /dashboard/promotions 404 in 1348ms (next.js: 218ms, proxy.ts: 954ms, application-code: 176ms)
⨯ Error: Your project's URL and Key are required to create a Supabase client!

Check your Supabase project's API settings to find these values

https://supabase.com/dashboard/project/_/settings/api
    at <unknown> (https://supabase.com/dashboard/project/_/settings/api)
    at <unknown> (https://supabase.com/dashboard/project/_/settings/api)
    at updateSession (src/utils/supabase/middleware.ts:9:38)
    at middleware (src/middleware.ts:5:29)
   7 |   })
   8 |
>  9 |   const supabase = createServerClient(
     |                                      ^
  10 |     process.env.NEXT_PUBLIC_SUPABASE_URL!,
  11 |     process.env.NEXT_PUBLIC_SUPABASE_ANON_KEY!,
  12 |     {
⨯ Error: Your project's URL and Key are required to create a Supabase client!

Check your Supabase project's API settings to find these values

https://supabase.com/dashboard/project/_/settings/api
    at <unknown> (https://supabase.com/dashboard/project/_/settings/api)
    at <unknown> (https://supabase.com/dashboard/project/_/settings/api)
    at updateSession (src/utils/supabase/middleware.ts:9:38)
    at middleware (src/middleware.ts:5:29)
   7 |   })
   8 |
>  9 |   const supabase = createServerClient(
     |                                      ^
  10 |     process.env.NEXT_PUBLIC_SUPABASE_URL!,
  11 |     process.env.NEXT_PUBLIC_SUPABASE_ANON_KEY!,
  12 |     {
 GET /admin 404 in 55ms (next.js: 2ms, proxy.ts: 26ms, application-code: 27ms)
 GET /dashboard/promotions 404 in 56ms (next.js: 2ms, proxy.ts: 26ms, application-code: 27ms)
[browser] Uncaught Error: Your project's URL and Key are required to create a Supabase client!

Check your Supabase project's API settings to find these values

https://supabase.com/dashboard/project/_/settings/api
    at <unknown> (https://supabase.com/dashboard/project/_/settings/api)
    at <unknown> (https://supabase.com/dashboard/project/_/settings/api)
    at <unknown> (https://supabase.com/dashboard/project/_/settings/api)
    at updateSession (src/utils/supabase/middleware.ts:9:38)
    at middleware (src/middleware.ts:5:29)
   7 |   })
   8 |
>  9 |   const supabase = createServerClient(
     |                                      ^
  10 |     process.env.NEXT_PUBLIC_SUPABASE_URL!,
  11 |     process.env.NEXT_PUBLIC_SUPABASE_ANON_KEY!,
  12 |     {
[browser] Uncaught Error: Your project's URL and Key are required to create a Supabase client!

Check your Supabase project's API settings to find these values

https://supabase.com/dashboard/project/_/settings/api
    at <unknown> (https://supabase.com/dashboard/project/_/settings/api)
    at <unknown> (https://supabase.com/dashboard/project/_/settings/api)
    at <unknown> (https://supabase.com/dashboard/project/_/settings/api)
    at updateSession (src/utils/supabase/middleware.ts:9:38)
    at middleware (src/middleware.ts:5:29)
   7 |   })
   8 |
>  9 |   const supabase = createServerClient(
     |                                      ^
  10 |     process.env.NEXT_PUBLIC_SUPABASE_URL!,
  11 |     process.env.NEXT_PUBLIC_SUPABASE_ANON_KEY!,
  12 |     {
  Reload env: .env
⚠ Fast Refresh had to perform a full reload when ./node_modules/next/dist/shared/lib/router/router.js changed. Read more: https://nextjs.org/docs/messages/fast-refresh-reload
⚠ Fast Refresh had to perform a full reload when ./node_modules/next/dist/shared/lib/router/router.js changed. Read more: https://nextjs.org/docs/messages/fast-refresh-reload
○ Compiling /login ...
 GET /login 200 in 4.1s (next.js: 3.7s, proxy.ts: 120ms, application-code: 254ms)
 GET /admin 200 in 4.7s (next.js: 3.9s, proxy.ts: 308ms, application-code: 563ms)
 GET /login 200 in 210ms (next.js: 120ms, proxy.ts: 15ms, application-code: 76ms)
 GET /admin 200 in 294ms (next.js: 160ms, proxy.ts: 15ms, application-code: 118ms)
<w> [webpack.cache.PackFileCacheStrategy] Serializing big strings (231kiB) impacts deserialization performance (consider using Buffer instead and decode when needed)
 GET /login 200 in 84ms (next.js: 35ms, proxy.ts: 6ms, application-code: 43ms)
 GET /admin 200 in 124ms (next.js: 3ms, proxy.ts: 6ms, application-code: 115ms)
 GET /login 200 in 596ms (next.js: 514ms, proxy.ts: 5ms, application-code: 76ms)
 GET /admin 200 in 783ms (next.js: 463ms, proxy.ts: 5ms, application-code: 314ms)
 GET /login 200 in 131ms (next.js: 110ms, proxy.ts: 6ms, application-code: 15ms)
 GET /admin 200 in 201ms (next.js: 59ms, proxy.ts: 6ms, application-code: 135ms)
⚠ Fast Refresh had to perform a full reload. Read more: https://nextjs.org/docs/messages/fast-refresh-reload
 GET /login 200 in 50ms (next.js: 10ms, proxy.ts: 6ms, application-code: 34ms)
 GET /admin 200 in 303ms (next.js: 23ms, proxy.ts: 6ms, application-code: 274ms)
 GET /admin 200 in 1373ms (next.js: 710ms, proxy.ts: 139ms, application-code: 524ms)
 GET /login 200 in 199ms (next.js: 2ms, proxy.ts: 6ms, application-code: 191ms)
 GET / 200 in 1433ms (next.js: 1256ms, proxy.ts: 14ms, application-code: 162ms)
 GET /login 200 in 268ms (next.js: 47ms, proxy.ts: 13ms, application-code: 209ms)
 GET /admin 200 in 310ms (next.js: 12ms, proxy.ts: 12ms, application-code: 286ms)
 GET /login 200 in 45ms (next.js: 4ms, proxy.ts: 12ms, application-code: 28ms)
 GET /login 200 in 103ms (next.js: 6ms, proxy.ts: 22ms, application-code: 75ms)
 GET /login 200 in 218ms (next.js: 108ms, proxy.ts: 11ms, application-code: 100ms)
 GET /login 200 in 34ms (next.js: 4ms, proxy.ts: 7ms, application-code: 23ms)
 GET /admin 200 in 353ms (next.js: 146ms, proxy.ts: 11ms, application-code: 196ms)
⚠ Found a change in next.config.ts. Restarting the server to apply the changes...
▲ Next.js 16.2.4 (webpack)
- Local:         http://localhost:3000
- Network:       http://192.168.2.25:3000
- Environments: .env
✓ Ready in 424ms
⚠ The "middleware" file convention is deprecated. Please use "proxy" instead. Learn more: https://nextjs.org/docs/messages/middleware-to-proxy

<w> [webpack.cache.PackFileCacheStrategy] Serializing big strings (231kiB) impacts deserialization performance (consider using Buffer instead and decode when needed)
○ Compiling /admin ...
⨯ The file "./src/proxy.ts" must export a function, either as a default export or as a named "proxy" export.
This function is what Next.js runs for every request handled by this proxy (previously called middleware).

Why this happens:
- You are migrating from `middleware` to `proxy`, but haven't updated the exported function.
- The file exists but doesn't export a function.
- The export is not a function (e.g., an object or constant).
- There's a syntax error preventing the export from being recognized.

To fix it:
- Ensure this file has either a default or "proxy" function export.

Learn more: https://nextjs.org/docs/messages/middleware-to-proxy
 GET /login 200 in 5.8s (next.js: 5.3s, proxy.ts: 118ms, application-code: 409ms)
(node:39987) DeprecationWarning: Calling client.query() when the client is already executing a query is deprecated and will be removed in pg@9.0. Use async/await or an external async flow control mechanism instead.
(Use `node --trace-deprecation ...` to show where the warning was created)
 GET /admin 200 in 6.1s (next.js: 5.3s, proxy.ts: 118ms, application-code: 696ms)
[browser] A tree hydrated but some attributes of the server rendered HTML didn't match the client properties. This won't be patched up. This can happen if a SSR-ed Client Component used:

- A server/client branch `if (typeof window !== 'undefined')`.
- Variable input such as `Date.now()` or `Math.random()` which changes each time it's called.
- Date formatting in a user's locale which doesn't match the server.
- External changing data without sending a snapshot of it along with the HTML.
- Invalid HTML tag nesting.

It can also happen if the client has a browser extension installed which messes with the HTML before React loaded.

https://react.dev/link/hydration-mismatch

  ...
    <HotReload globalError={[...]} webSocket={WebSocket} staticIndicatorState={{pathname:null, ...}}>
      <AppDevOverlayErrorBoundary globalError={[...]}>
        <ReplaySsrOnlyErrors>
        <DevRootHTTPAccessFallbackBoundary>
          <HTTPAccessFallbackBoundary notFound={<NotAllowedRootHTTPFallbackError>}>
            <HTTPAccessFallbackErrorBoundary pathname="/login" notFound={<NotAllowedRootHTTPFallbackError>} ...>
              <RedirectBoundary>
                <RedirectErrorBoundary router={{...}}>
                  <Head>
                  <__next_root_layout_boundary__>
                    <SegmentViewNode type="layout" pagePath="layout.tsx">
                      <SegmentTrieNode>
                      <link>
                      <RootLayout>
                        <html lang="en" className="__variable...">
                          <body
                            className="min-h-full flex flex-col"
-                           data-new-gr-c-s-check-loaded="14.1286.0"
-                           data-gr-ext-installed=""
                          >
                  ...
 
⨯ [Error: The Proxy file "/proxy" must export a function named `proxy` or a default function.]
 GET /login 404 in 1492ms (next.js: -80271µs, proxy.ts: 1483ms, application-code: 89ms)
⨯ [Error: The Proxy file "/proxy" must export a function named `proxy` or a default function.]
⨯ [Error: The Proxy file "/proxy" must export a function named `proxy` or a default function.]
 GET /login 404 in 1328ms (next.js: 120ms, proxy.ts: 1027ms, application-code: 181ms)
 GET /admin 404 in 1334ms (next.js: 120ms, proxy.ts: 1027ms, application-code: 187ms)
⨯ [Error: The Proxy file "/proxy" must export a function named `proxy` or a default function.]
⨯ [Error: The Proxy file "/proxy" must export a function named `proxy` or a default function.]
 GET /admin 404 in 176ms (next.js: 1280µs, proxy.ts: 157ms, application-code: 18ms)
⨯ [Error: The Proxy file "/proxy" must export a function named `proxy` or a default function.]
⨯ [Error: The Proxy file "/proxy" must export a function named `proxy` or a default function.]
 GET /login 404 in 205ms (next.js: 1308µs, proxy.ts: 157ms, application-code: 46ms)
 GET /login 404 in 218ms (next.js: 1107µs, proxy.ts: 185ms, application-code: 32ms)
 GET /admin 404 in 218ms (next.js: 1118µs, proxy.ts: 185ms, application-code: 32ms)
[browser] Uncaught Error: The Proxy file "/proxy" must export a function named `proxy` or a default function.
Error: The Proxy file "/proxy" must export a function named `proxy` or a default function.

[browser] Uncaught Error: The Proxy file "/proxy" must export a function named `proxy` or a default function.
Error: The Proxy file "/proxy" must export a function named `proxy` or a default function.

[browser] Uncaught Error: The Proxy file "/proxy" must export a function named `proxy` or a default function.
Error: The Proxy file "/proxy" must export a function named `proxy` or a default function.

 GET /login 200 in 416ms (next.js: 84ms, proxy.ts: 105ms, application-code: 227ms)
⚠ Fast Refresh had to perform a full reload due to a runtime error.
[browser] A tree hydrated but some attributes of the server rendered HTML didn't match the client properties. This won't be patched up. This can happen if a SSR-ed Client Component used:

- A server/client branch `if (typeof window !== 'undefined')`.
- Variable input such as `Date.now()` or `Math.random()` which changes each time it's called.
- Date formatting in a user's locale which doesn't match the server.
- External changing data without sending a snapshot of it along with the HTML.
- Invalid HTML tag nesting.

It can also happen if the client has a browser extension installed which messes with the HTML before React loaded.

https://react.dev/link/hydration-mismatch

  ...
    <HotReload globalError={[...]} webSocket={WebSocket} staticIndicatorState={{pathname:null, ...}}>
      <AppDevOverlayErrorBoundary globalError={[...]}>
        <ReplaySsrOnlyErrors>
        <DevRootHTTPAccessFallbackBoundary>
          <HTTPAccessFallbackBoundary notFound={<NotAllowedRootHTTPFallbackError>}>
            <HTTPAccessFallbackErrorBoundary pathname="/login" notFound={<NotAllowedRootHTTPFallbackError>} ...>
              <RedirectBoundary>
                <RedirectErrorBoundary router={{...}}>
                  <Head>
                  <__next_root_layout_boundary__>
                    <SegmentViewNode type="layout" pagePath="layout.tsx">
                      <SegmentTrieNode>
                      <link>
                      <RootLayout>
                        <html lang="en" className="__variable...">
                          <body
                            className="min-h-full flex flex-col"
-                           data-new-gr-c-s-check-loaded="14.1286.0"
-                           data-gr-ext-installed=""
                          >
                  ...
 
 GET /login 200 in 48ms (next.js: 4ms, proxy.ts: 15ms, application-code: 29ms)
  Reload env: .env
 GET /login 200 in 292ms (next.js: 77ms, proxy.ts: 180ms, application-code: 35ms)
⚠ Found a change in next.config.ts. Restarting the server to apply the changes...
▲ Next.js 16.2.4 (webpack)
- Local:         http://localhost:3000
- Network:       http://192.168.2.25:3000
- Environments: .env
✓ Ready in 392ms

⚠ Fast Refresh had to perform a full reload. Read more: https://nextjs.org/docs/messages/fast-refresh-reload
⚠ Fast Refresh had to perform a full reload. Read more: https://nextjs.org/docs/messages/fast-refresh-reload
○ Compiling /admin ...
⚠ Fast Refresh had to perform a full reload. Read more: https://nextjs.org/docs/messages/fast-refresh-reload
⚠ Fast Refresh had to perform a full reload. Read more: https://nextjs.org/docs/messages/fast-refresh-reload
⚠ Fast Refresh had to perform a full reload. Read more: https://nextjs.org/docs/messages/fast-refresh-reload
⚠ Fast Refresh had to perform a full reload. Read more: https://nextjs.org/docs/messages/fast-refresh-reload
⚠ Fast Refresh had to perform a full reload. Read more: https://nextjs.org/docs/messages/fast-refresh-reload
 GET /admin 200 in 751ms (next.js: 160ms, proxy.ts: 517ms, application-code: 74ms)
⚠ Fast Refresh had to perform a full reload. Read more: https://nextjs.org/docs/messages/fast-refresh-reload
 GET /login 200 in 5.9s (next.js: 5.1s, proxy.ts: 159ms, application-code: 610ms)
 GET /login 200 in 124ms (next.js: 4ms, proxy.ts: 6ms, application-code: 114ms)
(node:41059) DeprecationWarning: Calling client.query() when the client is already executing a query is deprecated and will be removed in pg@9.0. Use async/await or an external async flow control mechanism instead.
(Use `node --trace-deprecation ...` to show where the warning was created)
 GET /admin 200 in 232ms (next.js: 20ms, proxy.ts: 12ms, application-code: 200ms)
 GET /login 200 in 151ms (next.js: 58ms, proxy.ts: 6ms, application-code: 87ms)
 GET /login 200 in 28ms (next.js: 2ms, proxy.ts: 5ms, application-code: 20ms)
 GET /admin 200 in 171ms (next.js: 86ms, proxy.ts: 6ms, application-code: 80ms)
 GET /dashboard 200 in 1184ms (next.js: 996ms, proxy.ts: 135ms, application-code: 54ms)
 GET /dashboard 200 in 118ms (next.js: 1966µs, proxy.ts: 85ms, application-code: 31ms)
